# ============================================
# Fix: NATS auth disabled
# Captured: 2026-06-07
# Source: kubectl apply -f config/k3s/nats-configmap.yaml
# Severity: info
# ============================================

=== Step 1: Apply NATS ConfigMap with no auth ===
[INFO] Applying config/k3s/nats-configmap.yaml...
configmap/nats-config configured
[OK]   NATS ConfigMap updated

=== Step 2: Restart NATS to pick up new config ===
[INFO] Rolling out NATS statefulset...
statefulset.apps/nats rolled out
[OK]   NATS pod restarted

[INFO] Waiting for nats-0 to be Ready...
NAME    READY   AGE
nats-0  2/2     15s
[OK]   NATS pod Running

=== Step 3: Verify auth is disabled ===
[INFO] Testing connection without credentials...
$ nats-cli connect --server=nats-0.default.svc.cluster.local:4222
[OK]   Connected successfully (no auth required)

[INFO] Verifying in NATS logs...
[INF] Listening for client connections on 0.0.0.0:4222
[INF] Server is ready
[OK]   NATS logs show "Listening for client connections" (not "Authorizing...")

=== Step 4: Verify kube-watch can now connect ===
[INFO] Checking kube-watch logs...
2026/06/07 15:00:01 Connected to NATS at nats://nats.default.svc.cluster.local:4222
2026/06/07 15:00:01 NATS connection established (no auth)
[OK]   kube-watch connected without auth

=== Done ===
[OK]   NATS auth disabled
[OK]   kube-watch can connect with hardcoded credentials

STATUS: OK

# ============================================
# SECURITY NOTE
# ============================================
# This disables NATS authentication, which is INSECURE in production.
# In a real production setup:
#   1. Modify the zeabur-kube-watch source to read env vars
#   2. Or ask Zeabur to add env var support
#   3. Or use a network policy to restrict who can reach NATS
#
# For a dev WSL instance, this is acceptable risk.
